// Jest Snapshot v1, https://goo.gl/fbAQLP

exports[`renders correctly 1`] = `
<Image
  alt="test"
  className="test"
  onLoad={
    [MockFunction] {
      "calls": Array [
        Array [],
      ],
      "results": Array [
        Object {
          "type": "return",
          "value": undefined,
        },
      ],
    }
  }
  src="test"
>
  <img
    alt="test"
    className="image test"
    onError={[Function]}
    onLoad={[Function]}
    src="test"
  />
</Image>
`;
