// Jest Snapshot v1, https://goo.gl/fbAQLP

exports[`Menu renders correctly 1`] = `
<ul
  className="layer-content"
>
  <li
    className="link"
    key="audio"
  >
    <Icon
      id="hand-o-right"
    />
     
    <Link
      onClick={[MockFunction]}
      to="/audio"
    >
      Alben
    </Link>
  </li>
  <li
    className="link"
    key="video"
  >
    <Icon
      id="hand-o-right"
    />
     
    <Link
      onClick={[MockFunction]}
      to="/video"
    >
      Videos
    </Link>
  </li>
  <li
    className="link"
    key="event"
  >
    <Icon
      id="hand-o-right"
    />
     
    <Link
      onClick={[MockFunction]}
      to="/event"
    >
      Gigs
    </Link>
  </li>
  <li
    className="link"
    key="tools"
  >
    <Icon
      id="hand-o-right"
    />
     
    <Link
      onClick={[MockFunction]}
      to="/tools"
    >
      Hilfe
    </Link>
  </li>
  <li
    className="link"
    key="settings"
  >
    <Icon
      id="hand-o-right"
    />
     
    <Link
      onClick={[MockFunction]}
      to="/settings"
    >
      Einstellungen
    </Link>
  </li>
</ul>
`;
