// Jest Snapshot v1, https://goo.gl/fbAQLP

exports[`renders correctly with external url 1`] = `
<a
  href="http://test"
  onClick={[MockFunction]}
  target="_blank"
>
  test
</a>
`;

exports[`renders correctly with internal url 1`] = `
<NavLink
  activeClassName="active"
  exact={true}
  onClick={[MockFunction]}
  to="test"
>
  test
</NavLink>
`;
