// Jest Snapshot v1, https://goo.gl/fbAQLP

exports[`PageEvent renders correctly 1`] = `
<Component
  id="event"
>
  <Event
    event={
      Object {
        "artist": Object {
          "title": "test",
        },
        "date": "2020-02-03",
        "title": "test",
      }
    }
    key="test 2020-02-03 test"
  />
  <Event
    event={
      Object {
        "artist": Object {
          "title": "test",
        },
        "date": "2020-02-02",
        "imgPath": "test",
        "title": "test",
      }
    }
    key="test 2020-02-02 test"
  />
  <Event
    event={
      Object {
        "artist": Object {
          "title": "test",
        },
        "date": "2020-02-01",
        "title": "test",
      }
    }
    key="test 2020-02-01 test"
  />
</Component>
`;
