// Jest Snapshot v1, https://goo.gl/fbAQLP

exports[`Iframe renders correctly 1`] = `
<Iframe
  className="test"
  onLoad={
    [MockFunction] {
      "calls": Array [
        Array [],
      ],
      "results": Array [
        Object {
          "type": "return",
          "value": undefined,
        },
      ],
    }
  }
  src="test"
>
  <div
    className="iframe-wrapper test"
  >
    <div
      className="ratio-setter"
    />
    <div
      className="spinner"
    >
      <Icon
        id="cog"
        spin={true}
      >
        <i
          className="fa-cog fa fa-spin"
        />
      </Icon>
    </div>
    <iframe
      allowFullScreen={true}
      className="iframe invisible"
      frameBorder="0"
      onLoad={[Function]}
      src="test"
    />
  </div>
</Iframe>
`;
