// Jest Snapshot v1, https://goo.gl/fbAQLP

exports[`Header renders correctly 1`] = `
<header
  className="main-header"
>
  <h1
    className="main-headline"
  >
    <Link
      to="/"
    >
      Musik
    </Link>
  </h1>
  <button
    className="button header-button menu-button"
    onClick={[Function]}
  >
    <Icon
      id="bars"
    />
  </button>
  <button
    className="button header-button info-button"
    onClick={[Function]}
  >
    <Icon
      id="info-circle"
    />
  </button>
</header>
`;
