// Jest Snapshot v1, https://goo.gl/fbAQLP

exports[`renders correctly 1`] = `
<header
  className="main-header"
>
  <h1
    className="main-headline"
  >
    <Link
      to="/"
    >
      Musik
    </Link>
  </h1>
  <Link
    className="button header-button home-button"
    to="/"
  >
    <Icon
      id="chevron-circle-left"
    />
  </Link>
  <button
    className="button header-button info-button"
    onClick={[Function]}
    tabIndex="-1"
  >
    <Icon
      id="info-circle"
    />
  </button>
</header>
`;
