// Jest Snapshot v1, https://goo.gl/fbAQLP

exports[`TransitionItem renders correctly 1`] = `
<TransitionGroup
  childFactory={[Function]}
  component="div"
>
  <CSSTransition
    appear={true}
    classNames="fade"
    key="0"
    timeout={300}
  >
    <div
      className="transition-wrapper"
    >
      test
    </div>
  </CSSTransition>
</TransitionGroup>
`;
